🛠️  Development mode: Auth rate limiters are bypassed.
[dotenv@17.2.3] injecting env (11) from .env -- tip: 🛠️  run anywhere with `dotenvx run -- yourcommand`
🚀 Server running on port 3000
🔌 Socket.io ready on port 3000
📱 Mobile access: http://0.0.0.0:3000/api
🔌 Socket connected: 0_iAOHuL39JTz_nmAAAB
👤 Socket 0_iAOHuL39JTz_nmAAAB joined room user:cmoewk563000au086l7jup2n0
prisma:query BEGIN
prisma:query DEALLOCATE ALL
prisma:query SELECT "public"."Order"."id", "public"."Order"."customerId", "public"."Order"."salesmanId" FROM "public"."Order" WHERE ("public"."Order"."id" = $1 AND 1=1) LIMIT $2 OFFSET $3
prisma:query COMMIT
prisma:query BEGIN
prisma:query DEALLOCATE ALL
prisma:query SELECT "public"."Order"."id", "public"."Order"."orderNumber", "public"."Order"."status"::text, "public"."Order"."paymentStatus"::text, "public"."Order"."paymentMethod", "public"."Order"."subtotal", "public"."Order"."serviceCharge", "public"."Order"."deliveryFee", "public"."Order"."discount", "public"."Order"."total", "public"."Order"."notes", "public"."Order"."cancellationReason", "public"."Order"."createdAt", "public"."Order"."updatedAt", "public"."Order"."customerId", "public"."Order"."salesmanId", "public"."Order"."addressId" FROM "public"."Order" WHERE ("public"."Order"."id" = $1 AND "public"."Order"."salesmanId" = $2) LIMIT $3 OFFSET $4
prisma:query COMMIT
prisma:query BEGIN
prisma:query DEALLOCATE ALL
prisma:query UPDATE "public"."Order" SET "status" = CAST($1::text AS "public"."OrderStatus"), "updatedAt" = $2 WHERE ("public"."Order"."id" = $3 AND 1=1) RETURNING "public"."Order"."id", "public"."Order"."orderNumber", "public"."Order"."status"::text, "public"."Order"."paymentStatus"::text, "public"."Order"."paymentMethod", "public"."Order"."subtotal", "public"."Order"."serviceCharge", "public"."Order"."deliveryFee", "public"."Order"."discount", "public"."Order"."total", "public"."Order"."notes", "public"."Order"."cancellationReason", "public"."Order"."createdAt", "public"."Order"."updatedAt", "public"."Order"."customerId", "public"."Order"."salesmanId", "public"."Order"."addressId"
prisma:query SELECT "public"."Order"."id", "public"."Order"."orderNumber", "public"."Order"."status"::text, "public"."Order"."paymentStatus"::text, "public"."Order"."paymentMethod", "public"."Order"."subtotal", "public"."Order"."serviceCharge", "public"."Order"."deliveryFee", "public"."Order"."discount", "public"."Order"."total", "public"."Order"."notes", "public"."Order"."cancellationReason", "public"."Order"."createdAt", "public"."Order"."updatedAt", "public"."Order"."customerId", "public"."Order"."salesmanId", "public"."Order"."addressId" FROM "public"."Order" WHERE "public"."Order"."id" = $1 LIMIT $2 OFFSET $3
prisma:query SELECT "public"."OrderItem"."id", "public"."OrderItem"."quantity", "public"."OrderItem"."price", "public"."OrderItem"."total", "public"."OrderItem"."itemName", "public"."OrderItem"."itemType", "public"."OrderItem"."createdAt", "public"."OrderItem"."orderId", "public"."OrderItem"."productId", "public"."OrderItem"."carPartId" FROM "public"."OrderItem" WHERE "public"."OrderItem"."orderId" IN ($1) OFFSET $2
prisma:query SELECT "public"."User"."id", "public"."User"."name", "public"."User"."email" FROM "public"."User" WHERE "public"."User"."id" IN ($1) OFFSET $2
prisma:query COMMIT
prisma:query BEGIN
prisma:query DEALLOCATE ALL
prisma:query INSERT INTO "public"."OrderTracking" ("id","status","description","createdAt","orderId") VALUES ($1,CAST($2::text AS "public"."OrderStatus"),$3,$4,$5) RETURNING "public"."OrderTracking"."id", "public"."OrderTracking"."status"::text, "public"."OrderTracking"."description", "public"."OrderTracking"."location", "public"."OrderTracking"."createdAt", "public"."OrderTracking"."orderId"
prisma:query COMMIT
📡 Emitted orderStatusUpdated for order cmok7mxe1000fvla0ewxp8i04 → customer cmoewk563000au086l7jup2n0
prisma:query BEGIN
prisma:query DEALLOCATE ALL
prisma:query SELECT "public"."Order"."id", "public"."Order"."orderNumber", "public"."Order"."status"::text, "public"."Order"."paymentStatus"::text, "public"."Order"."paymentMethod", "public"."Order"."subtotal", "public"."Order"."serviceCharge", "public"."Order"."deliveryFee", "public"."Order"."discount", "public"."Order"."total", "public"."Order"."notes", "public"."Order"."cancellationReason", "public"."Order"."createdAt", "public"."Order"."updatedAt", "public"."Order"."customerId", "public"."Order"."salesmanId", "public"."Order"."addressId" FROM "public"."Order" WHERE ("public"."Order"."id" = $1 AND "public"."Order"."salesmanId" = $2) LIMIT $3 OFFSET $4
prisma:query COMMIT
prisma:query BEGIN
prisma:query DEALLOCATE ALL
prisma:query UPDATE "public"."Order" SET "status" = CAST($1::text AS "public"."OrderStatus"), "updatedAt" = $2 WHERE ("public"."Order"."id" = $3 AND 1=1) RETURNING "public"."Order"."id", "public"."Order"."orderNumber", "public"."Order"."status"::text, "public"."Order"."paymentStatus"::text, "public"."Order"."paymentMethod", "public"."Order"."subtotal", "public"."Order"."serviceCharge", "public"."Order"."deliveryFee", "public"."Order"."discount", "public"."Order"."total", "public"."Order"."notes", "public"."Order"."cancellationReason", "public"."Order"."createdAt", "public"."Order"."updatedAt", "public"."Order"."customerId", "public"."Order"."salesmanId", "public"."Order"."addressId"
prisma:query SELECT "public"."Order"."id", "public"."Order"."orderNumber", "public"."Order"."status"::text, "public"."Order"."paymentStatus"::text, "public"."Order"."paymentMethod", "public"."Order"."subtotal", "public"."Order"."serviceCharge", "public"."Order"."deliveryFee", "public"."Order"."discount", "public"."Order"."total", "public"."Order"."notes", "public"."Order"."cancellationReason", "public"."Order"."createdAt", "public"."Order"."updatedAt", "public"."Order"."customerId", "public"."Order"."salesmanId", "public"."Order"."addressId" FROM "public"."Order" WHERE "public"."Order"."id" = $1 LIMIT $2 OFFSET $3
prisma:query SELECT "public"."OrderItem"."id", "public"."OrderItem"."quantity", "public"."OrderItem"."price", "public"."OrderItem"."total", "public"."OrderItem"."itemName", "public"."OrderItem"."itemType", "public"."OrderItem"."createdAt", "public"."OrderItem"."orderId", "public"."OrderItem"."productId", "public"."OrderItem"."carPartId" FROM "public"."OrderItem" WHERE "public"."OrderItem"."orderId" IN ($1) OFFSET $2
prisma:query SELECT "public"."User"."id", "public"."User"."name", "public"."User"."email" FROM "public"."User" WHERE "public"."User"."id" IN ($1) OFFSET $2
prisma:query COMMIT
prisma:query BEGIN
prisma:query DEALLOCATE ALL
prisma:query INSERT INTO "public"."OrderTracking" ("id","status","description","createdAt","orderId") VALUES ($1,CAST($2::text AS "public"."OrderStatus"),$3,$4,$5) RETURNING "public"."OrderTracking"."id", "public"."OrderTracking"."status"::text, "public"."OrderTracking"."description", "public"."OrderTracking"."location", "public"."OrderTracking"."createdAt", "public"."OrderTracking"."orderId"
prisma:query COMMIT
📡 Emitted orderStatusUpdated for order cmok3ls0a0005vla02hbaxjpo → customer cmoewk563000au086l7jup2n0
prisma:query SELECT 1
prisma:query BEGIN
prisma:query DEALLOCATE ALL
prisma:query SELECT "public"."CarPart"."id", "public"."CarPart"."name", "public"."CarPart"."price", "public"."CarPart"."discountPrice", "public"."CarPart"."stock", "public"."CarPart"."images", "public"."CarPart"."isActive" FROM "public"."CarPart" WHERE ("public"."CarPart"."id" = $1 AND 1=1) LIMIT $2 OFFSET $3
prisma:query COMMIT
prisma:query BEGIN
prisma:query DEALLOCATE ALL
prisma:query SELECT "public"."CartItem"."id", "public"."CartItem"."quantity" FROM "public"."CartItem" WHERE (("public"."CartItem"."userId" = $1 AND "public"."CartItem"."carPartId" = $2) AND 1=1) LIMIT $3 OFFSET $4
prisma:query COMMIT
prisma:query BEGIN
prisma:query DEALLOCATE ALL
prisma:query INSERT INTO "public"."CartItem" ("id","quantity","itemType","createdAt","updatedAt","userId","carPartId") VALUES ($1,$2,$3,$4,$5,$6,$7) RETURNING "public"."CartItem"."id", "public"."CartItem"."quantity"
prisma:query COMMIT
prisma:query BEGIN
prisma:query DEALLOCATE ALL
prisma:query SELECT "public"."CartItem"."id", "public"."CartItem"."quantity", "public"."CartItem"."itemType", "public"."CartItem"."createdAt", "public"."CartItem"."updatedAt", "public"."CartItem"."userId", "public"."CartItem"."productId", "public"."CartItem"."carPartId" FROM "public"."CartItem" WHERE "public"."CartItem"."userId" = $1 ORDER BY "public"."CartItem"."createdAt" DESC OFFSET $2
prisma:query SELECT "public"."CarPart"."id", "public"."CarPart"."name", "public"."CarPart"."price", "public"."CarPart"."discountPrice", "public"."CarPart"."images", "public"."CarPart"."stock", "public"."CarPart"."categoryId", "public"."CarPart"."carId", "public"."CarPart"."sellerId" FROM "public"."CarPart" WHERE "public"."CarPart"."id" IN ($1) OFFSET $2
prisma:query SELECT "public"."Category"."id", "public"."Category"."name" FROM "public"."Category" WHERE "public"."Category"."id" IN ($1) OFFSET $2
prisma:query SELECT "public"."Car"."id", "public"."Car"."make", "public"."Car"."model", "public"."Car"."year" FROM "public"."Car" WHERE "public"."Car"."id" IN ($1) OFFSET $2
prisma:query SELECT "public"."User"."id", "public"."User"."name" FROM "public"."User" WHERE "public"."User"."id" IN ($1) OFFSET $2
prisma:query COMMIT
prisma:query BEGIN
prisma:query DEALLOCATE ALL
prisma:query SELECT "public"."Product"."id", "public"."Product"."name", "public"."Product"."description", "public"."Product"."price", "public"."Product"."discountPrice", "public"."Product"."sku", "public"."Product"."stock", "public"."Product"."images", "public"."Product"."isActive", "public"."Product"."createdAt", "public"."Product"."updatedAt", "public"."Product"."categoryId", "public"."Product"."salesmanId", "public"."Product"."storeId" FROM "public"."Product" WHERE "public"."Product"."id" IN ($1) OFFSET $2
prisma:query COMMIT
prisma:query BEGIN
prisma:query DEALLOCATE ALL
prisma:query SELECT "public"."CarPart"."id", "public"."CarPart"."name", "public"."CarPart"."description", "public"."CarPart"."partNumber", "public"."CarPart"."price", "public"."CarPart"."discountPrice", "public"."CarPart"."stock", "public"."CarPart"."condition", "public"."CarPart"."images", "public"."CarPart"."isActive", "public"."CarPart"."createdAt", "public"."CarPart"."updatedAt", "public"."CarPart"."carId", "public"."CarPart"."categoryId", "public"."CarPart"."sellerId" FROM "public"."CarPart" WHERE "public"."CarPart"."id" IN ($1) OFFSET $2
prisma:query SELECT "public"."User"."id", "public"."User"."name" FROM "public"."User" WHERE "public"."User"."id" IN ($1) OFFSET $2
prisma:query SELECT "public"."Store"."id", "public"."Store"."name", "public"."Store"."ownerId" FROM "public"."Store" WHERE "public"."Store"."ownerId" IN ($1) OFFSET $2
prisma:query COMMIT
prisma:query BEGIN
prisma:query DEALLOCATE ALL
prisma:query INSERT INTO "public"."Order" ("id","orderNumber","status","paymentStatus","paymentMethod","subtotal","serviceCharge","deliveryFee","discount","total","createdAt","updatedAt","customerId","salesmanId") VALUES ($1,$2,CAST($3::text AS "public"."OrderStatus"),CAST($4::text AS "public"."PaymentStatus"),$5,$6,$7,$8,$9,$10,$11,$12,$13,$14) RETURNING "public"."Order"."id"
prisma:query INSERT INTO "public"."OrderItem" ("id","quantity","price","total","itemName","itemType","createdAt","orderId","productId","carPartId") VALUES ($1,$2,$3,$4,$5,$6,$7,$8,$9,$10) RETURNING "public"."OrderItem"."id"
prisma:query SELECT "public"."Order"."id", "public"."Order"."orderNumber", "public"."Order"."status"::text, "public"."Order"."paymentStatus"::text, "public"."Order"."paymentMethod", "public"."Order"."subtotal", "public"."Order"."serviceCharge", "public"."Order"."deliveryFee", "public"."Order"."discount", "public"."Order"."total", "public"."Order"."notes", "public"."Order"."cancellationReason", "public"."Order"."createdAt", "public"."Order"."updatedAt", "public"."Order"."customerId", "public"."Order"."salesmanId", "public"."Order"."addressId" FROM "public"."Order" WHERE "public"."Order"."id" = $1 LIMIT $2 OFFSET $3
prisma:query SELECT "public"."OrderItem"."id", "public"."OrderItem"."quantity", "public"."OrderItem"."price", "public"."OrderItem"."total", "public"."OrderItem"."itemName", "public"."OrderItem"."itemType", "public"."OrderItem"."createdAt", "public"."OrderItem"."orderId", "public"."OrderItem"."productId", "public"."OrderItem"."carPartId" FROM "public"."OrderItem" WHERE "public"."OrderItem"."orderId" IN ($1) OFFSET $2
prisma:query SELECT "public"."CarPart"."id", "public"."CarPart"."name", "public"."CarPart"."images" FROM "public"."CarPart" WHERE "public"."CarPart"."id" IN ($1) OFFSET $2
prisma:query SELECT "public"."User"."id", "public"."User"."name" FROM "public"."User" WHERE "public"."User"."id" IN ($1) OFFSET $2
prisma:query SELECT "public"."Store"."id", "public"."Store"."name", "public"."Store"."ownerId" FROM "public"."Store" WHERE "public"."Store"."ownerId" IN ($1) OFFSET $2
prisma:query INSERT INTO "public"."OrderTracking" ("id","status","description","createdAt","orderId") VALUES ($1,CAST($2::text AS "public"."OrderStatus"),$3,$4,$5) RETURNING "public"."OrderTracking"."id", "public"."OrderTracking"."status"::text, "public"."OrderTracking"."description", "public"."OrderTracking"."location", "public"."OrderTracking"."createdAt", "public"."OrderTracking"."orderId"
prisma:query COMMIT
📡 Emitted newOrder ORD-MOK8MJ2T-STY8 → salesman cmoewk563000au086l7jup2n0
prisma:query SELECT 1
prisma:query BEGIN
prisma:query DEALLOCATE ALL
🔔 OneSignal push sent → salesman cmoewk563000au086l7jup2n0 | order ORD-MOK8MJ2T-STY8 
prisma:query SELECT "public"."Order"."id", "public"."Order"."orderNumber", "public"."Order"."status"::text, "public"."Order"."paymentStatus"::text, "public"."Order"."paymentMethod", "public"."Order"."subtotal", "public"."Order"."serviceCharge", "public"."Order"."deliveryFee", "public"."Order"."discount", "public"."Order"."total", "public"."Order"."notes", "public"."Order"."cancellationReason", "public"."Order"."createdAt", "public"."Order"."updatedAt", "public"."Order"."customerId", "public"."Order"."salesmanId", "public"."Order"."addressId" FROM "public"."Order" WHERE ("public"."Order"."id" = $1 AND 1=1) LIMIT $2 OFFSET $3
prisma:query SELECT "public"."User"."id", "public"."User"."name", "public"."User"."email", "public"."User"."phone" FROM "public"."User" WHERE "public"."User"."id" IN ($1) OFFSET $2
prisma:query BEGIN
prisma:query BEGIN
prisma:query SELECT "public"."User"."id", "public"."User"."name", "public"."User"."phone" FROM "public"."User" WHERE "public"."User"."id" IN ($1) OFFSET $2
prisma:query DEALLOCATE ALL
prisma:query DEALLOCATE ALL
prisma:query SELECT "public"."Store"."id", "public"."Store"."name", "public"."Store"."address", "public"."Store"."phone", "public"."Store"."ownerId" FROM "public"."Store" WHERE "public"."Store"."ownerId" IN ($1) OFFSET $2
prisma:query SELECT "public"."Order"."id", "public"."Order"."orderNumber", "public"."Order"."status"::text, "public"."Order"."paymentStatus"::text, "public"."Order"."paymentMethod", "public"."Order"."subtotal", "public"."Order"."serviceCharge", "public"."Order"."deliveryFee", "public"."Order"."discount", "public"."Order"."total", "public"."Order"."notes", "public"."Order"."cancellationReason", "public"."Order"."createdAt", "public"."Order"."updatedAt", "public"."Order"."customerId", "public"."Order"."salesmanId", "public"."Order"."addressId" FROM "public"."Order" WHERE "public"."Order"."salesmanId" = $1 ORDER BY "public"."Order"."createdAt" DESC LIMIT $2 OFFSET $3
prisma:query DELETE FROM "public"."CartItem" WHERE "public"."CartItem"."userId" = $1
prisma:query COMMIT
prisma:query SELECT "public"."OrderItem"."id", "public"."OrderItem"."quantity", "public"."OrderItem"."price", "public"."OrderItem"."total", "public"."OrderItem"."itemName", "public"."OrderItem"."itemType", "public"."OrderItem"."createdAt", "public"."OrderItem"."orderId", "public"."OrderItem"."productId", "public"."OrderItem"."carPartId" FROM "public"."OrderItem" WHERE "public"."OrderItem"."orderId" IN ($1) OFFSET $2
prisma:query SELECT "public"."OrderItem"."id", "public"."OrderItem"."quantity", "public"."OrderItem"."price", "public"."OrderItem"."total", "public"."OrderItem"."itemName", "public"."OrderItem"."itemType", "public"."OrderItem"."createdAt", "public"."OrderItem"."orderId", "public"."OrderItem"."productId", "public"."OrderItem"."carPartId" FROM "public"."OrderItem" WHERE "public"."OrderItem"."orderId" IN ($1,$2,$3,$4,$5,$6,$7,$8,$9,$10,$11,$12,$13,$14,$15,$16,$17,$18,$19) OFFSET $20
prisma:query COMMIT
prisma:query SELECT "public"."CarPart"."id", "public"."CarPart"."name", "public"."CarPart"."images" FROM "public"."CarPart" WHERE "public"."CarPart"."id" IN ($1,$2,$3,$4,$5,$6,$7,$8) OFFSET $9
prisma:query SELECT "public"."User"."id", "public"."User"."name", "public"."User"."email" FROM "public"."User" WHERE "public"."User"."id" IN ($1,$2,$3,$4,$5) OFFSET $6
prisma:query COMMIT
prisma:query BEGIN
prisma:query DEALLOCATE ALL
prisma:query SELECT COUNT(*) AS "_count$_all" FROM (SELECT "public"."Order"."id" FROM "public"."Order" WHERE "public"."Order"."salesmanId" = $1 OFFSET $2) AS "sub"
prisma:query COMMIT
prisma:query SELECT 1
prisma:query BEGIN
prisma:query DEALLOCATE ALL
prisma:query SELECT "public"."CarPart"."id", "public"."CarPart"."name", "public"."CarPart"."price", "public"."CarPart"."discountPrice", "public"."CarPart"."stock", "public"."CarPart"."images", "public"."CarPart"."isActive" FROM "public"."CarPart" WHERE ("public"."CarPart"."id" = $1 AND 1=1) LIMIT $2 OFFSET $3
prisma:query COMMIT
prisma:query BEGIN
prisma:query DEALLOCATE ALL
prisma:query SELECT "public"."CartItem"."id", "public"."CartItem"."quantity" FROM "public"."CartItem" WHERE (("public"."CartItem"."userId" = $1 AND "public"."CartItem"."carPartId" = $2) AND 1=1) LIMIT $3 OFFSET $4
prisma:query COMMIT
prisma:query BEGIN
prisma:query DEALLOCATE ALL
prisma:query INSERT INTO "public"."CartItem" ("id","quantity","itemType","createdAt","updatedAt","userId","carPartId") VALUES ($1,$2,$3,$4,$5,$6,$7) RETURNING "public"."CartItem"."id", "public"."CartItem"."quantity"
prisma:query COMMIT
prisma:query BEGIN
prisma:query DEALLOCATE ALL
prisma:query SELECT "public"."CartItem"."id", "public"."CartItem"."quantity", "public"."CartItem"."itemType", "public"."CartItem"."createdAt", "public"."CartItem"."updatedAt", "public"."CartItem"."userId", "public"."CartItem"."productId", "public"."CartItem"."carPartId" FROM "public"."CartItem" WHERE "public"."CartItem"."userId" = $1 ORDER BY "public"."CartItem"."createdAt" DESC OFFSET $2
prisma:query SELECT "public"."CarPart"."id", "public"."CarPart"."name", "public"."CarPart"."price", "public"."CarPart"."discountPrice", "public"."CarPart"."images", "public"."CarPart"."stock", "public"."CarPart"."categoryId", "public"."CarPart"."carId", "public"."CarPart"."sellerId" FROM "public"."CarPart" WHERE "public"."CarPart"."id" IN ($1) OFFSET $2
prisma:query SELECT "public"."Category"."id", "public"."Category"."name" FROM "public"."Category" WHERE "public"."Category"."id" IN ($1) OFFSET $2
prisma:query SELECT "public"."Car"."id", "public"."Car"."make", "public"."Car"."model", "public"."Car"."year" FROM "public"."Car" WHERE "public"."Car"."id" IN ($1) OFFSET $2
prisma:query SELECT "public"."User"."id", "public"."User"."name" FROM "public"."User" WHERE "public"."User"."id" IN ($1) OFFSET $2
prisma:query COMMIT
prisma:query BEGIN
prisma:query DEALLOCATE ALL
prisma:query SELECT "public"."Product"."id", "public"."Product"."name", "public"."Product"."description", "public"."Product"."price", "public"."Product"."discountPrice", "public"."Product"."sku", "public"."Product"."stock", "public"."Product"."images", "public"."Product"."isActive", "public"."Product"."createdAt", "public"."Product"."updatedAt", "public"."Product"."categoryId", "public"."Product"."salesmanId", "public"."Product"."storeId" FROM "public"."Product" WHERE "public"."Product"."id" IN ($1) OFFSET $2
prisma:query COMMIT
prisma:query BEGIN
prisma:query DEALLOCATE ALL
prisma:query SELECT "public"."CarPart"."id", "public"."CarPart"."name", "public"."CarPart"."description", "public"."CarPart"."partNumber", "public"."CarPart"."price", "public"."CarPart"."discountPrice", "public"."CarPart"."stock", "public"."CarPart"."condition", "public"."CarPart"."images", "public"."CarPart"."isActive", "public"."CarPart"."createdAt", "public"."CarPart"."updatedAt", "public"."CarPart"."carId", "public"."CarPart"."categoryId", "public"."CarPart"."sellerId" FROM "public"."CarPart" WHERE "public"."CarPart"."id" IN ($1) OFFSET $2
prisma:query SELECT "public"."User"."id", "public"."User"."name" FROM "public"."User" WHERE "public"."User"."id" IN ($1) OFFSET $2
prisma:query SELECT "public"."Store"."id", "public"."Store"."name", "public"."Store"."ownerId" FROM "public"."Store" WHERE "public"."Store"."ownerId" IN ($1) OFFSET $2
prisma:query COMMIT
prisma:query BEGIN
prisma:query DEALLOCATE ALL
prisma:query INSERT INTO "public"."Order" ("id","orderNumber","status","paymentStatus","paymentMethod","subtotal","serviceCharge","deliveryFee","discount","total","createdAt","updatedAt","customerId","salesmanId") VALUES ($1,$2,CAST($3::text AS "public"."OrderStatus"),CAST($4::text AS "public"."PaymentStatus"),$5,$6,$7,$8,$9,$10,$11,$12,$13,$14) RETURNING "public"."Order"."id"
prisma:query INSERT INTO "public"."OrderItem" ("id","quantity","price","total","itemName","itemType","createdAt","orderId","productId","carPartId") VALUES ($1,$2,$3,$4,$5,$6,$7,$8,$9,$10) RETURNING "public"."OrderItem"."id"
prisma:query SELECT 1
prisma:query SELECT "public"."Order"."id", "public"."Order"."orderNumber", "public"."Order"."status"::text, "public"."Order"."paymentStatus"::text, "public"."Order"."paymentMethod", "public"."Order"."subtotal", "public"."Order"."serviceCharge", "public"."Order"."deliveryFee", "public"."Order"."discount", "public"."Order"."total", "public"."Order"."notes", "public"."Order"."cancellationReason", "public"."Order"."createdAt", "public"."Order"."updatedAt", "public"."Order"."customerId", "public"."Order"."salesmanId", "public"."Order"."addressId" FROM "public"."Order" WHERE "public"."Order"."id" = $1 LIMIT $2 OFFSET $3
prisma:query BEGIN
prisma:query DEALLOCATE ALL
prisma:query SELECT "public"."OrderItem"."id", "public"."OrderItem"."quantity", "public"."OrderItem"."price", "public"."OrderItem"."total", "public"."OrderItem"."itemName", "public"."OrderItem"."itemType", "public"."OrderItem"."createdAt", "public"."OrderItem"."orderId", "public"."OrderItem"."productId", "public"."OrderItem"."carPartId" FROM "public"."OrderItem" WHERE "public"."OrderItem"."orderId" IN ($1) OFFSET $2
prisma:query SELECT "public"."Order"."id", "public"."Order"."orderNumber", "public"."Order"."status"::text, "public"."Order"."paymentStatus"::text, "public"."Order"."paymentMethod", "public"."Order"."subtotal", "public"."Order"."serviceCharge", "public"."Order"."deliveryFee", "public"."Order"."discount", "public"."Order"."total", "public"."Order"."notes", "public"."Order"."cancellationReason", "public"."Order"."createdAt", "public"."Order"."updatedAt", "public"."Order"."customerId", "public"."Order"."salesmanId", "public"."Order"."addressId" FROM "public"."Order" WHERE ("public"."Order"."id" = $1 AND "public"."Order"."salesmanId" = $2) LIMIT $3 OFFSET $4
prisma:query SELECT "public"."CarPart"."id", "public"."CarPart"."name", "public"."CarPart"."images" FROM "public"."CarPart" WHERE "public"."CarPart"."id" IN ($1) OFFSET $2
prisma:query COMMIT
prisma:query BEGIN
prisma:query SELECT "public"."User"."id", "public"."User"."name" FROM "public"."User" WHERE "public"."User"."id" IN ($1) OFFSET $2
prisma:query DEALLOCATE ALL
prisma:query SELECT "public"."Store"."id", "public"."Store"."name", "public"."Store"."ownerId" FROM "public"."Store" WHERE "public"."Store"."ownerId" IN ($1) OFFSET $2
prisma:query UPDATE "public"."Order" SET "status" = CAST($1::text AS "public"."OrderStatus"), "updatedAt" = $2 WHERE ("public"."Order"."id" = $3 AND 1=1) RETURNING "public"."Order"."id", "public"."Order"."orderNumber", "public"."Order"."status"::text, "public"."Order"."paymentStatus"::text, "public"."Order"."paymentMethod", "public"."Order"."subtotal", "public"."Order"."serviceCharge", "public"."Order"."deliveryFee", "public"."Order"."discount", "public"."Order"."total", "public"."Order"."notes", "public"."Order"."cancellationReason", "public"."Order"."createdAt", "public"."Order"."updatedAt", "public"."Order"."customerId", "public"."Order"."salesmanId", "public"."Order"."addressId"
prisma:query INSERT INTO "public"."OrderTracking" ("id","status","description","createdAt","orderId") VALUES ($1,CAST($2::text AS "public"."OrderStatus"),$3,$4,$5) RETURNING "public"."OrderTracking"."id", "public"."OrderTracking"."status"::text, "public"."OrderTracking"."description", "public"."OrderTracking"."location", "public"."OrderTracking"."createdAt", "public"."OrderTracking"."orderId"
prisma:query SELECT "public"."Order"."id", "public"."Order"."orderNumber", "public"."Order"."status"::text, "public"."Order"."paymentStatus"::text, "public"."Order"."paymentMethod", "public"."Order"."subtotal", "public"."Order"."serviceCharge", "public"."Order"."deliveryFee", "public"."Order"."discount", "public"."Order"."total", "public"."Order"."notes", "public"."Order"."cancellationReason", "public"."Order"."createdAt", "public"."Order"."updatedAt", "public"."Order"."customerId", "public"."Order"."salesmanId", "public"."Order"."addressId" FROM "public"."Order" WHERE "public"."Order"."id" = $1 LIMIT $2 OFFSET $3
prisma:query COMMIT
📡 Emitted newOrder ORD-MOK8OACA-P67N → salesman cmoewk563000au086l7jup2n0
prisma:query SELECT 1
prisma:query SELECT 1
prisma:query SELECT "public"."OrderItem"."id", "public"."OrderItem"."quantity", "public"."OrderItem"."price", "public"."OrderItem"."total", "public"."OrderItem"."itemName", "public"."OrderItem"."itemType", "public"."OrderItem"."createdAt", "public"."OrderItem"."orderId", "public"."OrderItem"."productId", "public"."OrderItem"."carPartId" FROM "public"."OrderItem" WHERE "public"."OrderItem"."orderId" IN ($1) OFFSET $2
prisma:query BEGIN
prisma:query BEGIN
prisma:query DEALLOCATE ALL
prisma:query DEALLOCATE ALL
prisma:query SELECT "public"."User"."id", "public"."User"."name", "public"."User"."email" FROM "public"."User" WHERE "public"."User"."id" IN ($1) OFFSET $2
🔔 OneSignal push sent → salesman cmoewk563000au086l7jup2n0 | order ORD-MOK8OACA-P67N 
prisma:query COMMIT
prisma:query SELECT "public"."Order"."id", "public"."Order"."orderNumber", "public"."Order"."status"::text, "public"."Order"."paymentStatus"::text, "public"."Order"."paymentMethod", "public"."Order"."subtotal", "public"."Order"."serviceCharge", "public"."Order"."deliveryFee", "public"."Order"."discount", "public"."Order"."total", "public"."Order"."notes", "public"."Order"."cancellationReason", "public"."Order"."createdAt", "public"."Order"."updatedAt", "public"."Order"."customerId", "public"."Order"."salesmanId", "public"."Order"."addressId" FROM "public"."Order" WHERE ("public"."Order"."id" = $1 AND 1=1) LIMIT $2 OFFSET $3
prisma:query SELECT "public"."Order"."id", "public"."Order"."orderNumber", "public"."Order"."status"::text, "public"."Order"."paymentStatus"::text, "public"."Order"."paymentMethod", "public"."Order"."subtotal", "public"."Order"."serviceCharge", "public"."Order"."deliveryFee", "public"."Order"."discount", "public"."Order"."total", "public"."Order"."notes", "public"."Order"."cancellationReason", "public"."Order"."createdAt", "public"."Order"."updatedAt", "public"."Order"."customerId", "public"."Order"."salesmanId", "public"."Order"."addressId" FROM "public"."Order" WHERE "public"."Order"."salesmanId" = $1 ORDER BY "public"."Order"."createdAt" DESC LIMIT $2 OFFSET $3
prisma:query BEGIN
prisma:query SELECT "public"."User"."id", "public"."User"."name", "public"."User"."email", "public"."User"."phone" FROM "public"."User" WHERE "public"."User"."id" IN ($1) OFFSET $2
prisma:query DEALLOCATE ALL
prisma:query SELECT "public"."OrderItem"."id", "public"."OrderItem"."quantity", "public"."OrderItem"."price", "public"."OrderItem"."total", "public"."OrderItem"."itemName", "public"."OrderItem"."itemType", "public"."OrderItem"."createdAt", "public"."OrderItem"."orderId", "public"."OrderItem"."productId", "public"."OrderItem"."carPartId" FROM "public"."OrderItem" WHERE "public"."OrderItem"."orderId" IN ($1,$2,$3,$4,$5,$6,$7,$8,$9,$10,$11,$12,$13,$14,$15,$16,$17,$18,$19,$20) OFFSET $21
prisma:query BEGIN
prisma:query INSERT INTO "public"."OrderTracking" ("id","status","description","createdAt","orderId") VALUES ($1,CAST($2::text AS "public"."OrderStatus"),$3,$4,$5) RETURNING "public"."OrderTracking"."id", "public"."OrderTracking"."status"::text, "public"."OrderTracking"."description", "public"."OrderTracking"."location", "public"."OrderTracking"."createdAt", "public"."OrderTracking"."orderId"
prisma:query SELECT "public"."User"."id", "public"."User"."name", "public"."User"."phone" FROM "public"."User" WHERE "public"."User"."id" IN ($1) OFFSET $2
prisma:query SELECT "public"."CarPart"."id", "public"."CarPart"."name", "public"."CarPart"."images" FROM "public"."CarPart" WHERE "public"."CarPart"."id" IN ($1,$2,$3,$4,$5,$6,$7,$8) OFFSET $9
prisma:query DEALLOCATE ALL
prisma:query COMMIT
📡 Emitted orderStatusUpdated for order cmok8mjck0007vlck78km2iv5 → customer cmoewk563000au086l7jup2n0
prisma:query BEGIN
prisma:query SELECT "public"."Store"."id", "public"."Store"."name", "public"."Store"."address", "public"."Store"."phone", "public"."Store"."ownerId" FROM "public"."Store" WHERE "public"."Store"."ownerId" IN ($1) OFFSET $2
prisma:query SELECT "public"."User"."id", "public"."User"."name", "public"."User"."email" FROM "public"."User" WHERE "public"."User"."id" IN ($1,$2,$3,$4,$5) OFFSET $6
prisma:query DELETE FROM "public"."CartItem" WHERE "public"."CartItem"."userId" = $1
prisma:query DEALLOCATE ALL
prisma:query COMMIT
prisma:query COMMIT
prisma:query BEGIN
prisma:query SELECT "public"."OrderItem"."id", "public"."OrderItem"."quantity", "public"."OrderItem"."price", "public"."OrderItem"."total", "public"."OrderItem"."itemName", "public"."OrderItem"."itemType", "public"."OrderItem"."createdAt", "public"."OrderItem"."orderId", "public"."OrderItem"."productId", "public"."OrderItem"."carPartId" FROM "public"."OrderItem" WHERE "public"."OrderItem"."orderId" IN ($1) OFFSET $2
prisma:query DEALLOCATE ALL
prisma:query SELECT "public"."Order"."id", "public"."Order"."customerId", "public"."Order"."salesmanId" FROM "public"."Order" WHERE ("public"."Order"."id" = $1 AND 1=1) LIMIT $2 OFFSET $3
prisma:query COMMIT
prisma:query COMMIT
prisma:query SELECT COUNT(*) AS "_count$_all" FROM (SELECT "public"."Order"."id" FROM "public"."Order" WHERE "public"."Order"."salesmanId" = $1 OFFSET $2) AS "sub"
prisma:query COMMIT
prisma:query BEGIN
prisma:query DEALLOCATE ALL
prisma:query SELECT "public"."Order"."id", "public"."Order"."orderNumber", "public"."Order"."status"::text, "public"."Order"."paymentStatus"::text, "public"."Order"."paymentMethod", "public"."Order"."subtotal", "public"."Order"."serviceCharge", "public"."Order"."deliveryFee", "public"."Order"."discount", "public"."Order"."total", "public"."Order"."notes", "public"."Order"."cancellationReason", "public"."Order"."createdAt", "public"."Order"."updatedAt", "public"."Order"."customerId", "public"."Order"."salesmanId", "public"."Order"."addressId" FROM "public"."Order" WHERE ("public"."Order"."id" = $1 AND 1=1) LIMIT $2 OFFSET $3
prisma:query SELECT "public"."User"."id", "public"."User"."name", "public"."User"."phone", "public"."User"."email" FROM "public"."User" WHERE "public"."User"."id" IN ($1) OFFSET $2
prisma:query SELECT "public"."User"."id", "public"."User"."name", "public"."User"."phone" FROM "public"."User" WHERE "public"."User"."id" IN ($1) OFFSET $2
prisma:query SELECT "public"."Store"."id", "public"."Store"."name", "public"."Store"."address", "public"."Store"."phone", "public"."Store"."ownerId" FROM "public"."Store" WHERE "public"."Store"."ownerId" IN ($1) OFFSET $2
prisma:query SELECT "public"."OrderItem"."id", "public"."OrderItem"."quantity", "public"."OrderItem"."price", "public"."OrderItem"."total", "public"."OrderItem"."itemName", "public"."OrderItem"."itemType", "public"."OrderItem"."createdAt", "public"."OrderItem"."orderId", "public"."OrderItem"."productId", "public"."OrderItem"."carPartId" FROM "public"."OrderItem" WHERE "public"."OrderItem"."orderId" IN ($1) OFFSET $2
prisma:query COMMIT
🔌 Socket disconnected: 0_iAOHuL39JTz_nmAAAB
prisma:query BEGIN
prisma:query DEALLOCATE ALL
prisma:query BEGIN
prisma:query BEGIN
prisma:query DEALLOCATE ALL
prisma:query DEALLOCATE ALL
prisma:query SELECT "public"."Order"."id", "public"."Order"."orderNumber", "public"."Order"."status"::text, "public"."Order"."paymentStatus"::text, "public"."Order"."paymentMethod", "public"."Order"."subtotal", "public"."Order"."serviceCharge", "public"."Order"."deliveryFee", "public"."Order"."discount", "public"."Order"."total", "public"."Order"."notes", "public"."Order"."cancellationReason", "public"."Order"."createdAt", "public"."Order"."updatedAt", "public"."Order"."customerId", "public"."Order"."salesmanId", "public"."Order"."addressId" FROM "public"."Order" WHERE "public"."Order"."salesmanId" = $1 ORDER BY "public"."Order"."createdAt" DESC LIMIT $2 OFFSET $3
prisma:query SELECT "public"."Order"."id", "public"."Order"."orderNumber", "public"."Order"."status"::text, "public"."Order"."paymentStatus"::text, "public"."Order"."paymentMethod", "public"."Order"."subtotal", "public"."Order"."serviceCharge", "public"."Order"."deliveryFee", "public"."Order"."discount", "public"."Order"."total", "public"."Order"."notes", "public"."Order"."cancellationReason", "public"."Order"."createdAt", "public"."Order"."updatedAt", "public"."Order"."customerId", "public"."Order"."salesmanId", "public"."Order"."addressId" FROM "public"."Order" WHERE ("public"."Order"."salesmanId" = $1 AND "public"."Order"."status" = CAST($2::text AS "public"."OrderStatus")) ORDER BY "public"."Order"."createdAt" DESC LIMIT $3 OFFSET $4
prisma:query SELECT "public"."User"."id", "public"."User"."email", "public"."User"."name", "public"."User"."phone", "public"."User"."avatar", "public"."User"."role"::text, "public"."User"."isVerified", "public"."User"."createdAt", COALESCE("aggr_selection_0_Order"."_aggr_count_orders", 0) AS "_aggr_count_orders", COALESCE("aggr_selection_1_WishlistItem"."_aggr_count_wishlist", 0) AS "_aggr_count_wishlist", COALESCE("aggr_selection_2_Address"."_aggr_count_addresses", 0) AS "_aggr_count_addresses" FROM "public"."User" LEFT JOIN (SELECT "public"."Order"."customerId", COUNT(*) AS "_aggr_count_orders" FROM "public"."Order" WHERE 1=1 GROUP BY "public"."Order"."customerId") AS "aggr_selection_0_Order" ON ("public"."User"."id" = "aggr_selection_0_Order"."customerId") LEFT JOIN (SELECT "public"."WishlistItem"."userId", COUNT(*) AS "_aggr_count_wishlist" FROM "public"."WishlistItem" WHERE 1=1 GROUP BY "public"."WishlistItem"."userId") AS "aggr_selection_1_WishlistItem" ON ("public"."User"."id" = "aggr_selection_1_WishlistItem"."userId") LEFT JOIN (SELECT "public"."Address"."userId", COUNT(*) AS "_aggr_count_addresses" FROM "public"."Address" WHERE 1=1 GROUP BY "public"."Address"."userId") AS "aggr_selection_2_Address" ON ("public"."User"."id" = "aggr_selection_2_Address"."userId") WHERE ("public"."User"."id" = $1 AND 1=1) LIMIT $2 OFFSET $3
prisma:query SELECT "public"."OrderItem"."id", "public"."OrderItem"."quantity", "public"."OrderItem"."price", "public"."OrderItem"."total", "public"."OrderItem"."itemName", "public"."OrderItem"."itemType", "public"."OrderItem"."createdAt", "public"."OrderItem"."orderId", "public"."OrderItem"."productId", "public"."OrderItem"."carPartId" FROM "public"."OrderItem" WHERE "public"."OrderItem"."orderId" IN ($1,$2,$3,$4,$5,$6,$7,$8,$9,$10,$11,$12,$13,$14,$15,$16,$17,$18,$19,$20,$21) OFFSET $22
prisma:query SELECT "public"."OrderItem"."id", "public"."OrderItem"."quantity", "public"."OrderItem"."price", "public"."OrderItem"."total", "public"."OrderItem"."itemName", "public"."OrderItem"."itemType", "public"."OrderItem"."createdAt", "public"."OrderItem"."orderId", "public"."OrderItem"."productId", "public"."OrderItem"."carPartId" FROM "public"."OrderItem" WHERE "public"."OrderItem"."orderId" IN ($1) OFFSET $2
prisma:query SELECT "public"."Store"."id", "public"."Store"."name", "public"."Store"."description", "public"."Store"."logo", "public"."Store"."banner", "public"."Store"."address", "public"."Store"."phone", "public"."Store"."rating", "public"."Store"."isVerified", "public"."Store"."createdAt", "public"."Store"."updatedAt", "public"."Store"."ownerId" FROM "public"."Store" WHERE "public"."Store"."ownerId" IN ($1) OFFSET $2
prisma:query SELECT "public"."CarPart"."id", "public"."CarPart"."name", "public"."CarPart"."images" FROM "public"."CarPart" WHERE "public"."CarPart"."id" IN ($1,$2,$3,$4,$5,$6,$7,$8) OFFSET $9
prisma:query COMMIT
prisma:query SELECT "public"."CarPart"."id", "public"."CarPart"."name", "public"."CarPart"."images" FROM "public"."CarPart" WHERE "public"."CarPart"."id" IN ($1) OFFSET $2
prisma:query SELECT "public"."User"."id", "public"."User"."name", "public"."User"."email" FROM "public"."User" WHERE "public"."User"."id" IN ($1,$2,$3,$4,$5) OFFSET $6
prisma:query COMMIT
prisma:query SELECT "public"."User"."id", "public"."User"."name", "public"."User"."email" FROM "public"."User" WHERE "public"."User"."id" IN ($1) OFFSET $2
prisma:query BEGIN
prisma:query COMMIT
prisma:query DEALLOCATE ALL
prisma:query BEGIN
prisma:query DEALLOCATE ALL
prisma:query SELECT COUNT(*) AS "_count$_all" FROM (SELECT "public"."Order"."id" FROM "public"."Order" WHERE "public"."Order"."salesmanId" = $1 OFFSET $2) AS "sub"
prisma:query COMMIT
prisma:query SELECT COUNT(*) AS "_count$_all" FROM (SELECT "public"."Order"."id" FROM "public"."Order" WHERE ("public"."Order"."salesmanId" = $1 AND "public"."Order"."status" = CAST($2::text AS "public"."OrderStatus")) OFFSET $3) AS "sub"
prisma:query BEGIN
prisma:query BEGIN
prisma:query COMMIT
prisma:query DEALLOCATE ALL
prisma:query DEALLOCATE ALL
prisma:query SELECT "public"."Order"."id", "public"."Order"."orderNumber", "public"."Order"."status"::text, "public"."Order"."paymentStatus"::text, "public"."Order"."paymentMethod", "public"."Order"."subtotal", "public"."Order"."serviceCharge", "public"."Order"."deliveryFee", "public"."Order"."discount", "public"."Order"."total", "public"."Order"."notes", "public"."Order"."cancellationReason", "public"."Order"."createdAt", "public"."Order"."updatedAt", "public"."Order"."customerId", "public"."Order"."salesmanId", "public"."Order"."addressId" FROM "public"."Order" WHERE "public"."Order"."salesmanId" = $1 ORDER BY "public"."Order"."createdAt" DESC LIMIT $2 OFFSET $3
prisma:query SELECT "public"."Order"."id", "public"."Order"."customerId", "public"."Order"."salesmanId" FROM "public"."Order" WHERE ("public"."Order"."id" = $1 AND 1=1) LIMIT $2 OFFSET $3
prisma:query COMMIT
prisma:query SELECT "public"."OrderItem"."id", "public"."OrderItem"."quantity", "public"."OrderItem"."price", "public"."OrderItem"."total", "public"."OrderItem"."itemName", "public"."OrderItem"."itemType", "public"."OrderItem"."createdAt", "public"."OrderItem"."orderId", "public"."OrderItem"."productId", "public"."OrderItem"."carPartId" FROM "public"."OrderItem" WHERE "public"."OrderItem"."orderId" IN ($1,$2,$3,$4,$5,$6,$7,$8,$9,$10,$11,$12,$13,$14,$15,$16,$17,$18,$19,$20,$21) OFFSET $22
prisma:query SELECT "public"."CarPart"."id", "public"."CarPart"."name", "public"."CarPart"."images" FROM "public"."CarPart" WHERE "public"."CarPart"."id" IN ($1,$2,$3,$4,$5,$6,$7,$8) OFFSET $9
prisma:query BEGIN
prisma:query DEALLOCATE ALL
prisma:query SELECT "public"."User"."id", "public"."User"."name", "public"."User"."email" FROM "public"."User" WHERE "public"."User"."id" IN ($1,$2,$3,$4,$5) OFFSET $6
prisma:query COMMIT
prisma:query SELECT "public"."Order"."id", "public"."Order"."customerId", "public"."Order"."salesmanId" FROM "public"."Order" WHERE ("public"."Order"."id" = $1 AND 1=1) LIMIT $2 OFFSET $3
prisma:query BEGIN
prisma:query COMMIT
prisma:query BEGIN
prisma:query DEALLOCATE ALL
prisma:query DEALLOCATE ALL
prisma:query BEGIN
prisma:query SELECT COUNT(*) AS "_count$_all" FROM (SELECT "public"."Order"."id" FROM "public"."Order" WHERE "public"."Order"."salesmanId" = $1 OFFSET $2) AS "sub"
prisma:query DEALLOCATE ALL
prisma:query SELECT "public"."Order"."id", "public"."Order"."customerId", "public"."Order"."salesmanId" FROM "public"."Order" WHERE ("public"."Order"."id" = $1 AND 1=1) LIMIT $2 OFFSET $3
prisma:query COMMIT
prisma:query COMMIT
prisma:query SELECT "public"."Order"."id", "public"."Order"."customerId", "public"."Order"."salesmanId" FROM "public"."Order" WHERE ("public"."Order"."id" = $1 AND 1=1) LIMIT $2 OFFSET $3
prisma:query COMMIT
prisma:query BEGIN
prisma:query DEALLOCATE ALL
prisma:query SELECT "public"."User"."id", "public"."User"."email", "public"."User"."password", "public"."User"."name", "public"."User"."phone", "public"."User"."avatar", "public"."User"."role"::text, "public"."User"."authProvider"::text, "public"."User"."googleId", "public"."User"."isVerified", "public"."User"."status"::text, "public"."User"."createdAt", "public"."User"."updatedAt" FROM "public"."User" WHERE ("public"."User"."email" = $1 AND 1=1) LIMIT $2 OFFSET $3
prisma:query SELECT "public"."Store"."id", "public"."Store"."name", "public"."Store"."description", "public"."Store"."logo", "public"."Store"."banner", "public"."Store"."address", "public"."Store"."phone", "public"."Store"."rating", "public"."Store"."isVerified", "public"."Store"."createdAt", "public"."Store"."updatedAt", "public"."Store"."ownerId" FROM "public"."Store" WHERE "public"."Store"."ownerId" IN ($1) OFFSET $2
prisma:query COMMIT
prisma:query BEGIN
prisma:query SELECT 1
prisma:query DEALLOCATE ALL
prisma:query BEGIN
prisma:query SELECT 1
prisma:query DEALLOCATE ALL
prisma:query BEGIN
prisma:query SELECT "public"."Order"."id", "public"."Order"."orderNumber", "public"."Order"."status"::text, "public"."Order"."paymentStatus"::text, "public"."Order"."paymentMethod", "public"."Order"."subtotal", "public"."Order"."serviceCharge", "public"."Order"."deliveryFee", "public"."Order"."discount", "public"."Order"."total", "public"."Order"."notes", "public"."Order"."cancellationReason", "public"."Order"."createdAt", "public"."Order"."updatedAt", "public"."Order"."customerId", "public"."Order"."salesmanId", "public"."Order"."addressId" FROM "public"."Order" WHERE "public"."Order"."salesmanId" = $1 ORDER BY "public"."Order"."createdAt" DESC LIMIT $2 OFFSET $3
prisma:query DEALLOCATE ALL
prisma:query SELECT "public"."User"."id", "public"."User"."email", "public"."User"."name", "public"."User"."phone", "public"."User"."avatar", "public"."User"."role"::text, "public"."User"."isVerified", "public"."User"."createdAt", COALESCE("aggr_selection_0_Order"."_aggr_count_orders", 0) AS "_aggr_count_orders", COALESCE("aggr_selection_1_WishlistItem"."_aggr_count_wishlist", 0) AS "_aggr_count_wishlist", COALESCE("aggr_selection_2_Address"."_aggr_count_addresses", 0) AS "_aggr_count_addresses" FROM "public"."User" LEFT JOIN (SELECT "public"."Order"."customerId", COUNT(*) AS "_aggr_count_orders" FROM "public"."Order" WHERE 1=1 GROUP BY "public"."Order"."customerId") AS "aggr_selection_0_Order" ON ("public"."User"."id" = "aggr_selection_0_Order"."customerId") LEFT JOIN (SELECT "public"."WishlistItem"."userId", COUNT(*) AS "_aggr_count_wishlist" FROM "public"."WishlistItem" WHERE 1=1 GROUP BY "public"."WishlistItem"."userId") AS "aggr_selection_1_WishlistItem" ON ("public"."User"."id" = "aggr_selection_1_WishlistItem"."userId") LEFT JOIN (SELECT "public"."Address"."userId", COUNT(*) AS "_aggr_count_addresses" FROM "public"."Address" WHERE 1=1 GROUP BY "public"."Address"."userId") AS "aggr_selection_2_Address" ON ("public"."User"."id" = "aggr_selection_2_Address"."userId") WHERE ("public"."User"."id" = $1 AND 1=1) LIMIT $2 OFFSET $3
prisma:query SELECT "public"."OrderItem"."id", "public"."OrderItem"."quantity", "public"."OrderItem"."price", "public"."OrderItem"."total", "public"."OrderItem"."itemName", "public"."OrderItem"."itemType", "public"."OrderItem"."createdAt", "public"."OrderItem"."orderId", "public"."OrderItem"."productId", "public"."OrderItem"."carPartId" FROM "public"."OrderItem" WHERE "public"."OrderItem"."orderId" IN ($1,$2,$3,$4,$5,$6,$7,$8,$9,$10,$11,$12,$13,$14,$15,$16,$17,$18,$19,$20,$21) OFFSET $22
prisma:query SELECT "public"."Order"."id", "public"."Order"."orderNumber", "public"."Order"."status"::text, "public"."Order"."paymentStatus"::text, "public"."Order"."paymentMethod", "public"."Order"."subtotal", "public"."Order"."serviceCharge", "public"."Order"."deliveryFee", "public"."Order"."discount", "public"."Order"."total", "public"."Order"."notes", "public"."Order"."cancellationReason", "public"."Order"."createdAt", "public"."Order"."updatedAt", "public"."Order"."customerId", "public"."Order"."salesmanId", "public"."Order"."addressId" FROM "public"."Order" WHERE ("public"."Order"."salesmanId" = $1 AND "public"."Order"."status" = CAST($2::text AS "public"."OrderStatus")) ORDER BY "public"."Order"."createdAt" DESC LIMIT $3 OFFSET $4
prisma:query SELECT "public"."Store"."id", "public"."Store"."name", "public"."Store"."description", "public"."Store"."logo", "public"."Store"."banner", "public"."Store"."address", "public"."Store"."phone", "public"."Store"."rating", "public"."Store"."isVerified", "public"."Store"."createdAt", "public"."Store"."updatedAt", "public"."Store"."ownerId" FROM "public"."Store" WHERE "public"."Store"."ownerId" IN ($1) OFFSET $2
prisma:query SELECT "public"."CarPart"."id", "public"."CarPart"."name", "public"."CarPart"."images" FROM "public"."CarPart" WHERE "public"."CarPart"."id" IN ($1,$2,$3,$4,$5,$6,$7,$8) OFFSET $9
prisma:query COMMIT
prisma:query SELECT "public"."OrderItem"."id", "public"."OrderItem"."quantity", "public"."OrderItem"."price", "public"."OrderItem"."total", "public"."OrderItem"."itemName", "public"."OrderItem"."itemType", "public"."OrderItem"."createdAt", "public"."OrderItem"."orderId", "public"."OrderItem"."productId", "public"."OrderItem"."carPartId" FROM "public"."OrderItem" WHERE "public"."OrderItem"."orderId" IN ($1) OFFSET $2
prisma:query BEGIN
prisma:query SELECT "public"."User"."id", "public"."User"."name", "public"."User"."email" FROM "public"."User" WHERE "public"."User"."id" IN ($1,$2,$3,$4,$5) OFFSET $6
prisma:query DEALLOCATE ALL
prisma:query SELECT "public"."CarPart"."id", "public"."CarPart"."name", "public"."CarPart"."images" FROM "public"."CarPart" WHERE "public"."CarPart"."id" IN ($1) OFFSET $2
prisma:query COMMIT
prisma:query SELECT 1
prisma:query SELECT "public"."User"."id", "public"."User"."email", "public"."User"."name", "public"."User"."phone", "public"."User"."avatar", "public"."User"."role"::text, "public"."User"."isVerified", "public"."User"."createdAt", COALESCE("aggr_selection_0_Order"."_aggr_count_orders", 0) AS "_aggr_count_orders", COALESCE("aggr_selection_1_WishlistItem"."_aggr_count_wishlist", 0) AS "_aggr_count_wishlist", COALESCE("aggr_selection_2_Address"."_aggr_count_addresses", 0) AS "_aggr_count_addresses" FROM "public"."User" LEFT JOIN (SELECT "public"."Order"."customerId", COUNT(*) AS "_aggr_count_orders" FROM "public"."Order" WHERE 1=1 GROUP BY "public"."Order"."customerId") AS "aggr_selection_0_Order" ON ("public"."User"."id" = "aggr_selection_0_Order"."customerId") LEFT JOIN (SELECT "public"."WishlistItem"."userId", COUNT(*) AS "_aggr_count_wishlist" FROM "public"."WishlistItem" WHERE 1=1 GROUP BY "public"."WishlistItem"."userId") AS "aggr_selection_1_WishlistItem" ON ("public"."User"."id" = "aggr_selection_1_WishlistItem"."userId") LEFT JOIN (SELECT "public"."Address"."userId", COUNT(*) AS "_aggr_count_addresses" FROM "public"."Address" WHERE 1=1 GROUP BY "public"."Address"."userId") AS "aggr_selection_2_Address" ON ("public"."User"."id" = "aggr_selection_2_Address"."userId") WHERE ("public"."User"."id" = $1 AND 1=1) LIMIT $2 OFFSET $3
prisma:query SELECT "public"."User"."id", "public"."User"."name", "public"."User"."email" FROM "public"."User" WHERE "public"."User"."id" IN ($1) OFFSET $2
prisma:query BEGIN
prisma:query COMMIT
prisma:query DEALLOCATE ALL
prisma:query SELECT "public"."Store"."id", "public"."Store"."name", "public"."Store"."description", "public"."Store"."logo", "public"."Store"."banner", "public"."Store"."address", "public"."Store"."phone", "public"."Store"."rating", "public"."Store"."isVerified", "public"."Store"."createdAt", "public"."Store"."updatedAt", "public"."Store"."ownerId" FROM "public"."Store" WHERE "public"."Store"."ownerId" IN ($1) OFFSET $2
prisma:query BEGIN
prisma:query COMMIT
prisma:query DEALLOCATE ALL
prisma:query SELECT COUNT(*) AS "_count$_all" FROM (SELECT "public"."Order"."id" FROM "public"."Order" WHERE "public"."Order"."salesmanId" = $1 OFFSET $2) AS "sub"
prisma:query COMMIT
prisma:query SELECT COUNT(*) AS "_count$_all" FROM (SELECT "public"."Order"."id" FROM "public"."Order" WHERE ("public"."Order"."salesmanId" = $1 AND "public"."Order"."status" = CAST($2::text AS "public"."OrderStatus")) OFFSET $3) AS "sub"
prisma:query BEGIN
prisma:query BEGIN
prisma:query SELECT 1
prisma:query COMMIT
prisma:query DEALLOCATE ALL
prisma:query BEGIN
prisma:query DEALLOCATE ALL
prisma:query BEGIN
prisma:query DEALLOCATE ALL
prisma:query DEALLOCATE ALL
prisma:query SELECT "public"."Order"."id", "public"."Order"."orderNumber", "public"."Order"."status"::text, "public"."Order"."paymentStatus"::text, "public"."Order"."paymentMethod", "public"."Order"."subtotal", "public"."Order"."serviceCharge", "public"."Order"."deliveryFee", "public"."Order"."discount", "public"."Order"."total", "public"."Order"."notes", "public"."Order"."cancellationReason", "public"."Order"."createdAt", "public"."Order"."updatedAt", "public"."Order"."customerId", "public"."Order"."salesmanId", "public"."Order"."addressId" FROM "public"."Order" WHERE "public"."Order"."salesmanId" = $1 ORDER BY "public"."Order"."createdAt" DESC LIMIT $2 OFFSET $3
prisma:query SELECT "public"."Order"."id", "public"."Order"."customerId", "public"."Order"."salesmanId" FROM "public"."Order" WHERE ("public"."Order"."id" = $1 AND 1=1) LIMIT $2 OFFSET $3
prisma:query COMMIT
prisma:query SELECT "public"."Order"."id", "public"."Order"."customerId", "public"."Order"."salesmanId" FROM "public"."Order" WHERE ("public"."Order"."id" = $1 AND 1=1) LIMIT $2 OFFSET $3
prisma:query SELECT "public"."Order"."id", "public"."Order"."orderNumber", "public"."Order"."status"::text, "public"."Order"."paymentStatus"::text, "public"."Order"."paymentMethod", "public"."Order"."subtotal", "public"."Order"."serviceCharge", "public"."Order"."deliveryFee", "public"."Order"."discount", "public"."Order"."total", "public"."Order"."notes", "public"."Order"."cancellationReason", "public"."Order"."createdAt", "public"."Order"."updatedAt", "public"."Order"."customerId", "public"."Order"."salesmanId", "public"."Order"."addressId" FROM "public"."Order" WHERE ("public"."Order"."salesmanId" = $1 AND "public"."Order"."status" = CAST($2::text AS "public"."OrderStatus")) ORDER BY "public"."Order"."createdAt" DESC LIMIT $3 OFFSET $4
prisma:query COMMIT
prisma:query SELECT "public"."OrderItem"."id", "public"."OrderItem"."quantity", "public"."OrderItem"."price", "public"."OrderItem"."total", "public"."OrderItem"."itemName", "public"."OrderItem"."itemType", "public"."OrderItem"."createdAt", "public"."OrderItem"."orderId", "public"."OrderItem"."productId", "public"."OrderItem"."carPartId" FROM "public"."OrderItem" WHERE "public"."OrderItem"."orderId" IN ($1,$2,$3,$4,$5,$6,$7,$8,$9,$10,$11,$12,$13,$14,$15,$16,$17,$18,$19,$20,$21) OFFSET $22
prisma:query BEGIN
prisma:query SELECT "public"."OrderItem"."id", "public"."OrderItem"."quantity", "public"."OrderItem"."price", "public"."OrderItem"."total", "public"."OrderItem"."itemName", "public"."OrderItem"."itemType", "public"."OrderItem"."createdAt", "public"."OrderItem"."orderId", "public"."OrderItem"."productId", "public"."OrderItem"."carPartId" FROM "public"."OrderItem" WHERE "public"."OrderItem"."orderId" IN ($1) OFFSET $2
prisma:query DEALLOCATE ALL
prisma:query BEGIN
prisma:query SELECT "public"."CarPart"."id", "public"."CarPart"."name", "public"."CarPart"."images" FROM "public"."CarPart" WHERE "public"."CarPart"."id" IN ($1,$2,$3,$4,$5,$6,$7,$8) OFFSET $9
prisma:query DEALLOCATE ALL
prisma:query SELECT "public"."CarPart"."id", "public"."CarPart"."name", "public"."CarPart"."images" FROM "public"."CarPart" WHERE "public"."CarPart"."id" IN ($1) OFFSET $2
prisma:query SELECT "public"."Order"."id", "public"."Order"."customerId", "public"."Order"."salesmanId" FROM "public"."Order" WHERE ("public"."Order"."id" = $1 AND 1=1) LIMIT $2 OFFSET $3
prisma:query SELECT "public"."User"."id", "public"."User"."name", "public"."User"."email" FROM "public"."User" WHERE "public"."User"."id" IN ($1,$2,$3,$4,$5) OFFSET $6
prisma:query SELECT "public"."Order"."id", "public"."Order"."customerId", "public"."Order"."salesmanId" FROM "public"."Order" WHERE ("public"."Order"."id" = $1 AND 1=1) LIMIT $2 OFFSET $3
prisma:query COMMIT
prisma:query COMMIT
prisma:query SELECT "public"."User"."id", "public"."User"."name", "public"."User"."email" FROM "public"."User" WHERE "public"."User"."id" IN ($1) OFFSET $2
prisma:query COMMIT
prisma:query BEGIN
prisma:query COMMIT
prisma:query DEALLOCATE ALL
prisma:query BEGIN
prisma:query DEALLOCATE ALL
prisma:query SELECT COUNT(*) AS "_count$_all" FROM (SELECT "public"."Order"."id" FROM "public"."Order" WHERE "public"."Order"."salesmanId" = $1 OFFSET $2) AS "sub"
prisma:query COMMIT
prisma:query SELECT COUNT(*) AS "_count$_all" FROM (SELECT "public"."Order"."id" FROM "public"."Order" WHERE ("public"."Order"."salesmanId" = $1 AND "public"."Order"."status" = CAST($2::text AS "public"."OrderStatus")) OFFSET $3) AS "sub"
prisma:query COMMIT
prisma:query SELECT 1
prisma:query BEGIN
prisma:query DEALLOCATE ALL
prisma:query SELECT "public"."Order"."id", "public"."Order"."orderNumber", "public"."Order"."status"::text, "public"."Order"."paymentStatus"::text, "public"."Order"."paymentMethod", "public"."Order"."subtotal", "public"."Order"."serviceCharge", "public"."Order"."deliveryFee", "public"."Order"."discount", "public"."Order"."total", "public"."Order"."notes", "public"."Order"."cancellationReason", "public"."Order"."createdAt", "public"."Order"."updatedAt", "public"."Order"."customerId", "public"."Order"."salesmanId", "public"."Order"."addressId" FROM "public"."Order" WHERE ("public"."Order"."id" = $1 AND "public"."Order"."salesmanId" = $2) LIMIT $3 OFFSET $4
prisma:query COMMIT
prisma:query BEGIN
prisma:query DEALLOCATE ALL
prisma:query UPDATE "public"."Order" SET "status" = CAST($1::text AS "public"."OrderStatus"), "updatedAt" = $2 WHERE ("public"."Order"."id" = $3 AND 1=1) RETURNING "public"."Order"."id", "public"."Order"."orderNumber", "public"."Order"."status"::text, "public"."Order"."paymentStatus"::text, "public"."Order"."paymentMethod", "public"."Order"."subtotal", "public"."Order"."serviceCharge", "public"."Order"."deliveryFee", "public"."Order"."discount", "public"."Order"."total", "public"."Order"."notes", "public"."Order"."cancellationReason", "public"."Order"."createdAt", "public"."Order"."updatedAt", "public"."Order"."customerId", "public"."Order"."salesmanId", "public"."Order"."addressId"
prisma:query SELECT "public"."Order"."id", "public"."Order"."orderNumber", "public"."Order"."status"::text, "public"."Order"."paymentStatus"::text, "public"."Order"."paymentMethod", "public"."Order"."subtotal", "public"."Order"."serviceCharge", "public"."Order"."deliveryFee", "public"."Order"."discount", "public"."Order"."total", "public"."Order"."notes", "public"."Order"."cancellationReason", "public"."Order"."createdAt", "public"."Order"."updatedAt", "public"."Order"."customerId", "public"."Order"."salesmanId", "public"."Order"."addressId" FROM "public"."Order" WHERE "public"."Order"."id" = $1 LIMIT $2 OFFSET $3
prisma:query SELECT "public"."OrderItem"."id", "public"."OrderItem"."quantity", "public"."OrderItem"."price", "public"."OrderItem"."total", "public"."OrderItem"."itemName", "public"."OrderItem"."itemType", "public"."OrderItem"."createdAt", "public"."OrderItem"."orderId", "public"."OrderItem"."productId", "public"."OrderItem"."carPartId" FROM "public"."OrderItem" WHERE "public"."OrderItem"."orderId" IN ($1) OFFSET $2
prisma:query SELECT "public"."User"."id", "public"."User"."name", "public"."User"."email" FROM "public"."User" WHERE "public"."User"."id" IN ($1) OFFSET $2
prisma:query COMMIT
prisma:query BEGIN
prisma:query DEALLOCATE ALL
prisma:query INSERT INTO "public"."OrderTracking" ("id","status","description","createdAt","orderId") VALUES ($1,CAST($2::text AS "public"."OrderStatus"),$3,$4,$5) RETURNING "public"."OrderTracking"."id", "public"."OrderTracking"."status"::text, "public"."OrderTracking"."description", "public"."OrderTracking"."location", "public"."OrderTracking"."createdAt", "public"."OrderTracking"."orderId"
prisma:query COMMIT
📡 Emitted orderStatusUpdated for order cmok8mjck0007vlck78km2iv5 → customer cmoewk563000au086l7jup2n0
prisma:query SELECT 1
prisma:query BEGIN
prisma:query DEALLOCATE ALL
prisma:query SELECT "public"."Order"."id", "public"."Order"."orderNumber", "public"."Order"."status"::text, "public"."Order"."paymentStatus"::text, "public"."Order"."paymentMethod", "public"."Order"."subtotal", "public"."Order"."serviceCharge", "public"."Order"."deliveryFee", "public"."Order"."discount", "public"."Order"."total", "public"."Order"."notes", "public"."Order"."cancellationReason", "public"."Order"."createdAt", "public"."Order"."updatedAt", "public"."Order"."customerId", "public"."Order"."salesmanId", "public"."Order"."addressId" FROM "public"."Order" WHERE ("public"."Order"."id" = $1 AND 1=1) LIMIT $2 OFFSET $3
prisma:query SELECT "public"."User"."id", "public"."User"."name", "public"."User"."phone", "public"."User"."email" FROM "public"."User" WHERE "public"."User"."id" IN ($1) OFFSET $2
prisma:query SELECT "public"."User"."id", "public"."User"."name", "public"."User"."phone" FROM "public"."User" WHERE "public"."User"."id" IN ($1) OFFSET $2
prisma:query SELECT "public"."Store"."id", "public"."Store"."name", "public"."Store"."address", "public"."Store"."phone", "public"."Store"."ownerId" FROM "public"."Store" WHERE "public"."Store"."ownerId" IN ($1) OFFSET $2
prisma:query SELECT "public"."OrderItem"."id", "public"."OrderItem"."quantity", "public"."OrderItem"."price", "public"."OrderItem"."total", "public"."OrderItem"."itemName", "public"."OrderItem"."itemType", "public"."OrderItem"."createdAt", "public"."OrderItem"."orderId", "public"."OrderItem"."productId", "public"."OrderItem"."carPartId" FROM "public"."OrderItem" WHERE "public"."OrderItem"."orderId" IN ($1) OFFSET $2
prisma:query COMMIT
prisma:error 
Invalid `prisma.order.findMany()` invocation:


Can't reach database server at `aws-1-ap-southeast-2.pooler.supabase.com:6543`

Please make sure your database server is running at `aws-1-ap-southeast-2.pooler.supabase.com:6543`.
prisma:error 
Invalid `prisma.order.findUnique()` invocation:


Can't reach database server at `aws-1-ap-southeast-2.pooler.supabase.com:6543`

Please make sure your database server is running at `aws-1-ap-southeast-2.pooler.supabase.com:6543`.
prisma:error 
Invalid `prisma.order.findUnique()` invocation:


Can't reach database server at `aws-1-ap-southeast-2.pooler.supabase.com:6543`

Please make sure your database server is running at `aws-1-ap-southeast-2.pooler.supabase.com:6543`.
prisma:query BEGIN
prisma:query DEALLOCATE ALL
prisma:query BEGIN
prisma:query BEGIN
prisma:query SELECT "public"."CartItem"."id", "public"."CartItem"."quantity", "public"."CartItem"."itemType", "public"."CartItem"."createdAt", "public"."CartItem"."updatedAt", "public"."CartItem"."userId", "public"."CartItem"."productId", "public"."CartItem"."carPartId" FROM "public"."CartItem" WHERE "public"."CartItem"."userId" = $1 ORDER BY "public"."CartItem"."createdAt" DESC OFFSET $2
prisma:query BEGIN
prisma:query DEALLOCATE ALL
prisma:query DEALLOCATE ALL
prisma:query COMMIT
prisma:query DEALLOCATE ALL
prisma:query SELECT COUNT(*) AS "_count$_all" FROM (SELECT "public"."CarPart"."id" FROM "public"."CarPart" WHERE "public"."CarPart"."isActive" = $1 OFFSET $2) AS "sub"
prisma:query SELECT "public"."CarPart"."id", "public"."CarPart"."name", "public"."CarPart"."description", "public"."CarPart"."partNumber", "public"."CarPart"."price", "public"."CarPart"."discountPrice", "public"."CarPart"."stock", "public"."CarPart"."condition", "public"."CarPart"."images", "public"."CarPart"."isActive", "public"."CarPart"."createdAt", "public"."CarPart"."updatedAt", "public"."CarPart"."carId", "public"."CarPart"."categoryId", "public"."CarPart"."sellerId" FROM "public"."CarPart" WHERE "public"."CarPart"."isActive" = $1 ORDER BY "public"."CarPart"."createdAt" DESC LIMIT $2 OFFSET $3
prisma:query SELECT "public"."WishlistItem"."id", "public"."WishlistItem"."createdAt", "public"."WishlistItem"."userId", "public"."WishlistItem"."itemType", "public"."WishlistItem"."productId", "public"."WishlistItem"."carPartId" FROM "public"."WishlistItem" WHERE "public"."WishlistItem"."userId" = $1 ORDER BY "public"."WishlistItem"."createdAt" DESC OFFSET $2
prisma:query COMMIT
prisma:query SELECT "public"."Category"."id", "public"."Category"."name", "public"."Category"."icon" FROM "public"."Category" WHERE "public"."Category"."id" IN ($1,$2,$3,$4,$5,$6,$7,$8) OFFSET $9
prisma:query SELECT "public"."CarPart"."id", "public"."CarPart"."name", "public"."CarPart"."description", "public"."CarPart"."partNumber", "public"."CarPart"."price", "public"."CarPart"."discountPrice", "public"."CarPart"."stock", "public"."CarPart"."condition", "public"."CarPart"."images", "public"."CarPart"."isActive", "public"."CarPart"."createdAt", "public"."CarPart"."updatedAt", "public"."CarPart"."carId", "public"."CarPart"."categoryId", "public"."CarPart"."sellerId" FROM "public"."CarPart" WHERE "public"."CarPart"."id" IN ($1) OFFSET $2
prisma:query SELECT "public"."User"."id", "public"."User"."name" FROM "public"."User" WHERE "public"."User"."id" IN ($1,$2,$3) OFFSET $4
prisma:query SELECT "public"."User"."id", "public"."User"."name" FROM "public"."User" WHERE "public"."User"."id" IN ($1) OFFSET $2
prisma:query COMMIT
prisma:query SELECT "public"."Car"."id", "public"."Car"."numberPlate", "public"."Car"."make", "public"."Car"."model", "public"."Car"."year" FROM "public"."Car" WHERE "public"."Car"."id" IN ($1,$2,$3,$4) OFFSET $5
prisma:query COMMIT
prisma:query BEGIN
prisma:query DEALLOCATE ALL
prisma:query SELECT "public"."Order"."id", "public"."Order"."orderNumber", "public"."Order"."status"::text, "public"."Order"."paymentStatus"::text, "public"."Order"."paymentMethod", "public"."Order"."subtotal", "public"."Order"."serviceCharge", "public"."Order"."deliveryFee", "public"."Order"."discount", "public"."Order"."total", "public"."Order"."notes", "public"."Order"."cancellationReason", "public"."Order"."createdAt", "public"."Order"."updatedAt", "public"."Order"."customerId", "public"."Order"."salesmanId", "public"."Order"."addressId" FROM "public"."Order" WHERE "public"."Order"."customerId" = $1 ORDER BY "public"."Order"."createdAt" DESC LIMIT $2 OFFSET $3
prisma:query SELECT "public"."OrderItem"."id", "public"."OrderItem"."quantity", "public"."OrderItem"."price", "public"."OrderItem"."total", "public"."OrderItem"."itemName", "public"."OrderItem"."itemType", "public"."OrderItem"."createdAt", "public"."OrderItem"."orderId", "public"."OrderItem"."productId", "public"."OrderItem"."carPartId" FROM "public"."OrderItem" WHERE "public"."OrderItem"."orderId" IN ($1,$2,$3,$4,$5,$6,$7,$8,$9,$10,$11,$12,$13,$14,$15,$16) OFFSET $17
prisma:query COMMIT
prisma:query BEGIN
prisma:query DEALLOCATE ALL
prisma:query SELECT COUNT(*) AS "_count$_all" FROM (SELECT "public"."Order"."id" FROM "public"."Order" WHERE "public"."Order"."customerId" = $1 OFFSET $2) AS "sub"
prisma:query COMMIT
prisma:query BEGIN
prisma:query DEALLOCATE ALL
prisma:query SELECT "public"."Order"."id", "public"."Order"."customerId", "public"."Order"."salesmanId" FROM "public"."Order" WHERE ("public"."Order"."id" = $1 AND 1=1) LIMIT $2 OFFSET $3
prisma:query COMMIT
prisma:query BEGIN
prisma:query DEALLOCATE ALL
prisma:query SELECT "public"."Order"."id", "public"."Order"."customerId", "public"."Order"."salesmanId" FROM "public"."Order" WHERE ("public"."Order"."id" = $1 AND 1=1) LIMIT $2 OFFSET $3
prisma:query COMMIT
prisma:query SELECT 1
prisma:query BEGIN
prisma:query DEALLOCATE ALL
prisma:query SELECT "public"."Order"."id", "public"."Order"."customerId", "public"."Order"."salesmanId" FROM "public"."Order" WHERE ("public"."Order"."id" = $1 AND 1=1) LIMIT $2 OFFSET $3
prisma:query COMMIT
prisma:query BEGIN
prisma:query DEALLOCATE ALL
prisma:query SELECT "public"."Order"."id", "public"."Order"."customerId", "public"."Order"."salesmanId" FROM "public"."Order" WHERE ("public"."Order"."id" = $1 AND 1=1) LIMIT $2 OFFSET $3
prisma:query COMMIT
prisma:query BEGIN
prisma:query DEALLOCATE ALL
prisma:query SELECT "public"."Order"."id", "public"."Order"."customerId", "public"."Order"."salesmanId" FROM "public"."Order" WHERE ("public"."Order"."id" = $1 AND 1=1) LIMIT $2 OFFSET $3
prisma:query COMMIT
prisma:query BEGIN
prisma:query DEALLOCATE ALL
prisma:query SELECT "public"."Order"."id", "public"."Order"."customerId", "public"."Order"."salesmanId" FROM "public"."Order" WHERE ("public"."Order"."id" = $1 AND 1=1) LIMIT $2 OFFSET $3
prisma:query COMMIT
prisma:query BEGIN
prisma:query DEALLOCATE ALL
prisma:query SELECT "public"."Order"."id", "public"."Order"."customerId", "public"."Order"."salesmanId" FROM "public"."Order" WHERE ("public"."Order"."id" = $1 AND 1=1) LIMIT $2 OFFSET $3
prisma:query COMMIT
prisma:query BEGIN
prisma:query DEALLOCATE ALL
prisma:query SELECT "public"."Order"."id", "public"."Order"."customerId", "public"."Order"."salesmanId" FROM "public"."Order" WHERE ("public"."Order"."id" = $1 AND 1=1) LIMIT $2 OFFSET $3
prisma:query COMMIT
prisma:query SELECT 1
prisma:query BEGIN
prisma:query DEALLOCATE ALL
prisma:query SELECT "public"."Order"."id", "public"."Order"."customerId", "public"."Order"."salesmanId" FROM "public"."Order" WHERE ("public"."Order"."id" = $1 AND 1=1) LIMIT $2 OFFSET $3
prisma:query COMMIT
prisma:query BEGIN
prisma:query DEALLOCATE ALL
prisma:query SELECT "public"."Order"."id", "public"."Order"."customerId", "public"."Order"."salesmanId" FROM "public"."Order" WHERE ("public"."Order"."id" = $1 AND 1=1) LIMIT $2 OFFSET $3
prisma:query COMMIT
prisma:query BEGIN
prisma:query DEALLOCATE ALL
prisma:query SELECT "public"."Order"."id", "public"."Order"."customerId", "public"."Order"."salesmanId" FROM "public"."Order" WHERE ("public"."Order"."id" = $1 AND 1=1) LIMIT $2 OFFSET $3
prisma:query COMMIT
prisma:query BEGIN
prisma:query DEALLOCATE ALL
prisma:query SELECT "public"."Order"."id", "public"."Order"."customerId", "public"."Order"."salesmanId" FROM "public"."Order" WHERE ("public"."Order"."id" = $1 AND 1=1) LIMIT $2 OFFSET $3
prisma:query COMMIT
prisma:query BEGIN
prisma:query DEALLOCATE ALL
prisma:query SELECT "public"."Order"."id", "public"."Order"."customerId", "public"."Order"."salesmanId" FROM "public"."Order" WHERE ("public"."Order"."id" = $1 AND 1=1) LIMIT $2 OFFSET $3
prisma:query COMMIT
prisma:query BEGIN
prisma:query DEALLOCATE ALL
prisma:query SELECT "public"."Order"."id", "public"."Order"."customerId", "public"."Order"."salesmanId" FROM "public"."Order" WHERE ("public"."Order"."id" = $1 AND 1=1) LIMIT $2 OFFSET $3
prisma:query COMMIT
prisma:query SELECT 1
prisma:query BEGIN
prisma:query DEALLOCATE ALL
prisma:query SELECT "public"."Order"."id", "public"."Order"."customerId", "public"."Order"."salesmanId" FROM "public"."Order" WHERE ("public"."Order"."id" = $1 AND 1=1) LIMIT $2 OFFSET $3
prisma:query COMMIT
prisma:query BEGIN
prisma:query DEALLOCATE ALL
prisma:query SELECT "public"."Order"."id", "public"."Order"."customerId", "public"."Order"."salesmanId" FROM "public"."Order" WHERE ("public"."Order"."id" = $1 AND 1=1) LIMIT $2 OFFSET $3
prisma:query COMMIT
prisma:query BEGIN
prisma:query DEALLOCATE ALL
prisma:query SELECT "public"."Order"."id", "public"."Order"."customerId", "public"."Order"."salesmanId" FROM "public"."Order" WHERE ("public"."Order"."id" = $1 AND 1=1) LIMIT $2 OFFSET $3
prisma:query COMMIT
prisma:query BEGIN
prisma:query DEALLOCATE ALL
prisma:query SELECT "public"."Order"."id", "public"."Order"."customerId", "public"."Order"."salesmanId" FROM "public"."Order" WHERE ("public"."Order"."id" = $1 AND 1=1) LIMIT $2 OFFSET $3
prisma:query COMMIT
prisma:query BEGIN
prisma:query DEALLOCATE ALL
prisma:query SELECT "public"."Order"."id", "public"."Order"."customerId", "public"."Order"."salesmanId" FROM "public"."Order" WHERE ("public"."Order"."id" = $1 AND 1=1) LIMIT $2 OFFSET $3
prisma:query COMMIT
prisma:query BEGIN
prisma:query DEALLOCATE ALL
prisma:query SELECT "public"."Order"."id", "public"."Order"."customerId", "public"."Order"."salesmanId" FROM "public"."Order" WHERE ("public"."Order"."id" = $1 AND 1=1) LIMIT $2 OFFSET $3
prisma:query COMMIT
prisma:query SELECT 1
prisma:query BEGIN
prisma:query DEALLOCATE ALL
prisma:query SELECT "public"."Order"."id", "public"."Order"."customerId", "public"."Order"."salesmanId" FROM "public"."Order" WHERE ("public"."Order"."id" = $1 AND 1=1) LIMIT $2 OFFSET $3
prisma:query COMMIT
prisma:query BEGIN
prisma:query DEALLOCATE ALL
prisma:query SELECT "public"."Order"."id", "public"."Order"."customerId", "public"."Order"."salesmanId" FROM "public"."Order" WHERE ("public"."Order"."id" = $1 AND 1=1) LIMIT $2 OFFSET $3
prisma:query COMMIT
prisma:query BEGIN
prisma:query DEALLOCATE ALL
prisma:query SELECT "public"."Order"."id", "public"."Order"."customerId", "public"."Order"."salesmanId" FROM "public"."Order" WHERE ("public"."Order"."id" = $1 AND 1=1) LIMIT $2 OFFSET $3
prisma:query COMMIT
prisma:query BEGIN
prisma:query DEALLOCATE ALL
prisma:query SELECT "public"."Order"."id", "public"."Order"."customerId", "public"."Order"."salesmanId" FROM "public"."Order" WHERE ("public"."Order"."id" = $1 AND 1=1) LIMIT $2 OFFSET $3
prisma:query COMMIT
prisma:query BEGIN
prisma:query DEALLOCATE ALL
prisma:query SELECT "public"."Order"."id", "public"."Order"."customerId", "public"."Order"."salesmanId" FROM "public"."Order" WHERE ("public"."Order"."id" = $1 AND 1=1) LIMIT $2 OFFSET $3
prisma:query COMMIT
prisma:query BEGIN
prisma:query DEALLOCATE ALL
prisma:query SELECT "public"."Order"."id", "public"."Order"."customerId", "public"."Order"."salesmanId" FROM "public"."Order" WHERE ("public"."Order"."id" = $1 AND 1=1) LIMIT $2 OFFSET $3
prisma:query COMMIT
prisma:query SELECT 1
prisma:query BEGIN
prisma:query DEALLOCATE ALL
prisma:query SELECT "public"."Order"."id", "public"."Order"."customerId", "public"."Order"."salesmanId" FROM "public"."Order" WHERE ("public"."Order"."id" = $1 AND 1=1) LIMIT $2 OFFSET $3
prisma:query COMMIT
prisma:query BEGIN
prisma:query DEALLOCATE ALL
prisma:query SELECT "public"."Order"."id", "public"."Order"."customerId", "public"."Order"."salesmanId" FROM "public"."Order" WHERE ("public"."Order"."id" = $1 AND 1=1) LIMIT $2 OFFSET $3
prisma:query COMMIT
prisma:query BEGIN
prisma:query DEALLOCATE ALL
prisma:query SELECT "public"."Order"."id", "public"."Order"."customerId", "public"."Order"."salesmanId" FROM "public"."Order" WHERE ("public"."Order"."id" = $1 AND 1=1) LIMIT $2 OFFSET $3
prisma:query COMMIT
prisma:query BEGIN
prisma:query DEALLOCATE ALL
prisma:query SELECT "public"."Order"."id", "public"."Order"."customerId", "public"."Order"."salesmanId" FROM "public"."Order" WHERE ("public"."Order"."id" = $1 AND 1=1) LIMIT $2 OFFSET $3
prisma:query COMMIT
prisma:query BEGIN
prisma:query DEALLOCATE ALL
prisma:query SELECT "public"."Order"."id", "public"."Order"."customerId", "public"."Order"."salesmanId" FROM "public"."Order" WHERE ("public"."Order"."id" = $1 AND 1=1) LIMIT $2 OFFSET $3
prisma:query COMMIT
prisma:query BEGIN
prisma:query DEALLOCATE ALL
prisma:query SELECT "public"."Order"."id", "public"."Order"."customerId", "public"."Order"."salesmanId" FROM "public"."Order" WHERE ("public"."Order"."id" = $1 AND 1=1) LIMIT $2 OFFSET $3
prisma:query COMMIT
prisma:query SELECT 1
prisma:query BEGIN
prisma:query DEALLOCATE ALL
prisma:query SELECT "public"."Order"."id", "public"."Order"."customerId", "public"."Order"."salesmanId" FROM "public"."Order" WHERE ("public"."Order"."id" = $1 AND 1=1) LIMIT $2 OFFSET $3
prisma:query COMMIT
prisma:query BEGIN
prisma:query DEALLOCATE ALL
prisma:query SELECT "public"."Order"."id", "public"."Order"."customerId", "public"."Order"."salesmanId" FROM "public"."Order" WHERE ("public"."Order"."id" = $1 AND 1=1) LIMIT $2 OFFSET $3
prisma:query COMMIT
prisma:query BEGIN
prisma:query DEALLOCATE ALL
prisma:query SELECT "public"."Order"."id", "public"."Order"."customerId", "public"."Order"."salesmanId" FROM "public"."Order" WHERE ("public"."Order"."id" = $1 AND 1=1) LIMIT $2 OFFSET $3
prisma:query COMMIT
prisma:query BEGIN
prisma:query DEALLOCATE ALL
prisma:query SELECT "public"."Order"."id", "public"."Order"."customerId", "public"."Order"."salesmanId" FROM "public"."Order" WHERE ("public"."Order"."id" = $1 AND 1=1) LIMIT $2 OFFSET $3
prisma:query COMMIT
prisma:query BEGIN
prisma:query DEALLOCATE ALL
prisma:query SELECT "public"."Order"."id", "public"."Order"."customerId", "public"."Order"."salesmanId" FROM "public"."Order" WHERE ("public"."Order"."id" = $1 AND 1=1) LIMIT $2 OFFSET $3
prisma:query COMMIT
prisma:query BEGIN
prisma:query DEALLOCATE ALL
prisma:query SELECT "public"."Order"."id", "public"."Order"."customerId", "public"."Order"."salesmanId" FROM "public"."Order" WHERE ("public"."Order"."id" = $1 AND 1=1) LIMIT $2 OFFSET $3
prisma:query COMMIT
prisma:query SELECT 1
prisma:query BEGIN
prisma:query DEALLOCATE ALL
prisma:query SELECT "public"."Order"."id", "public"."Order"."customerId", "public"."Order"."salesmanId" FROM "public"."Order" WHERE ("public"."Order"."id" = $1 AND 1=1) LIMIT $2 OFFSET $3
prisma:query COMMIT
prisma:query BEGIN
prisma:query DEALLOCATE ALL
prisma:query SELECT "public"."Order"."id", "public"."Order"."customerId", "public"."Order"."salesmanId" FROM "public"."Order" WHERE ("public"."Order"."id" = $1 AND 1=1) LIMIT $2 OFFSET $3
prisma:query COMMIT
prisma:query BEGIN
prisma:query DEALLOCATE ALL
prisma:query SELECT "public"."Order"."id", "public"."Order"."customerId", "public"."Order"."salesmanId" FROM "public"."Order" WHERE ("public"."Order"."id" = $1 AND 1=1) LIMIT $2 OFFSET $3
prisma:query COMMIT
prisma:query BEGIN
prisma:query DEALLOCATE ALL
prisma:query SELECT "public"."Order"."id", "public"."Order"."customerId", "public"."Order"."salesmanId" FROM "public"."Order" WHERE ("public"."Order"."id" = $1 AND 1=1) LIMIT $2 OFFSET $3
prisma:query COMMIT
prisma:query BEGIN
prisma:query DEALLOCATE ALL
prisma:query SELECT "public"."Order"."id", "public"."Order"."customerId", "public"."Order"."salesmanId" FROM "public"."Order" WHERE ("public"."Order"."id" = $1 AND 1=1) LIMIT $2 OFFSET $3
prisma:query COMMIT
prisma:query BEGIN
prisma:query DEALLOCATE ALL
prisma:query SELECT "public"."Order"."id", "public"."Order"."customerId", "public"."Order"."salesmanId" FROM "public"."Order" WHERE ("public"."Order"."id" = $1 AND 1=1) LIMIT $2 OFFSET $3
prisma:query COMMIT
prisma:query SELECT 1
prisma:query BEGIN
prisma:query DEALLOCATE ALL
prisma:query SELECT "public"."Order"."id", "public"."Order"."customerId", "public"."Order"."salesmanId" FROM "public"."Order" WHERE ("public"."Order"."id" = $1 AND 1=1) LIMIT $2 OFFSET $3
prisma:query COMMIT
prisma:query BEGIN
prisma:query DEALLOCATE ALL
prisma:query SELECT "public"."Order"."id", "public"."Order"."customerId", "public"."Order"."salesmanId" FROM "public"."Order" WHERE ("public"."Order"."id" = $1 AND 1=1) LIMIT $2 OFFSET $3
prisma:query COMMIT
prisma:query BEGIN
prisma:query DEALLOCATE ALL
prisma:query SELECT "public"."Order"."id", "public"."Order"."customerId", "public"."Order"."salesmanId" FROM "public"."Order" WHERE ("public"."Order"."id" = $1 AND 1=1) LIMIT $2 OFFSET $3
prisma:query COMMIT
prisma:query BEGIN
prisma:query DEALLOCATE ALL
prisma:query SELECT "public"."Order"."id", "public"."Order"."customerId", "public"."Order"."salesmanId" FROM "public"."Order" WHERE ("public"."Order"."id" = $1 AND 1=1) LIMIT $2 OFFSET $3
prisma:query COMMIT
prisma:query BEGIN
prisma:query DEALLOCATE ALL
prisma:query SELECT "public"."Order"."id", "public"."Order"."customerId", "public"."Order"."salesmanId" FROM "public"."Order" WHERE ("public"."Order"."id" = $1 AND 1=1) LIMIT $2 OFFSET $3
prisma:query COMMIT
prisma:query BEGIN
prisma:query DEALLOCATE ALL
prisma:query SELECT "public"."Order"."id", "public"."Order"."customerId", "public"."Order"."salesmanId" FROM "public"."Order" WHERE ("public"."Order"."id" = $1 AND 1=1) LIMIT $2 OFFSET $3
prisma:query COMMIT
prisma:query SELECT 1
prisma:query BEGIN
prisma:query DEALLOCATE ALL
prisma:query SELECT "public"."Order"."id", "public"."Order"."customerId", "public"."Order"."salesmanId" FROM "public"."Order" WHERE ("public"."Order"."id" = $1 AND 1=1) LIMIT $2 OFFSET $3
prisma:query COMMIT
prisma:query BEGIN
prisma:query DEALLOCATE ALL
prisma:query SELECT "public"."Order"."id", "public"."Order"."customerId", "public"."Order"."salesmanId" FROM "public"."Order" WHERE ("public"."Order"."id" = $1 AND 1=1) LIMIT $2 OFFSET $3
prisma:query COMMIT
prisma:query BEGIN
prisma:query DEALLOCATE ALL
prisma:query SELECT "public"."Order"."id", "public"."Order"."customerId", "public"."Order"."salesmanId" FROM "public"."Order" WHERE ("public"."Order"."id" = $1 AND 1=1) LIMIT $2 OFFSET $3
prisma:query COMMIT
prisma:query BEGIN
prisma:query DEALLOCATE ALL
prisma:query SELECT "public"."Order"."id", "public"."Order"."customerId", "public"."Order"."salesmanId" FROM "public"."Order" WHERE ("public"."Order"."id" = $1 AND 1=1) LIMIT $2 OFFSET $3
prisma:query COMMIT
prisma:query BEGIN
prisma:query DEALLOCATE ALL
prisma:query SELECT "public"."Order"."id", "public"."Order"."customerId", "public"."Order"."salesmanId" FROM "public"."Order" WHERE ("public"."Order"."id" = $1 AND 1=1) LIMIT $2 OFFSET $3
prisma:query COMMIT
prisma:query BEGIN
prisma:query DEALLOCATE ALL
prisma:query SELECT "public"."Order"."id", "public"."Order"."customerId", "public"."Order"."salesmanId" FROM "public"."Order" WHERE ("public"."Order"."id" = $1 AND 1=1) LIMIT $2 OFFSET $3
prisma:query COMMIT
prisma:query SELECT 1
prisma:query BEGIN
prisma:query DEALLOCATE ALL
prisma:query SELECT "public"."Order"."id", "public"."Order"."customerId", "public"."Order"."salesmanId" FROM "public"."Order" WHERE ("public"."Order"."id" = $1 AND 1=1) LIMIT $2 OFFSET $3
prisma:query COMMIT
prisma:query BEGIN
prisma:query DEALLOCATE ALL
prisma:query SELECT "public"."Order"."id", "public"."Order"."customerId", "public"."Order"."salesmanId" FROM "public"."Order" WHERE ("public"."Order"."id" = $1 AND 1=1) LIMIT $2 OFFSET $3
prisma:query COMMIT
prisma:query BEGIN
prisma:query DEALLOCATE ALL
prisma:query SELECT "public"."Order"."id", "public"."Order"."customerId", "public"."Order"."salesmanId" FROM "public"."Order" WHERE ("public"."Order"."id" = $1 AND 1=1) LIMIT $2 OFFSET $3
prisma:query COMMIT
prisma:query BEGIN
prisma:query DEALLOCATE ALL
prisma:query SELECT "public"."Order"."id", "public"."Order"."customerId", "public"."Order"."salesmanId" FROM "public"."Order" WHERE ("public"."Order"."id" = $1 AND 1=1) LIMIT $2 OFFSET $3
prisma:query COMMIT
prisma:query BEGIN
prisma:query DEALLOCATE ALL
prisma:query SELECT "public"."Order"."id", "public"."Order"."customerId", "public"."Order"."salesmanId" FROM "public"."Order" WHERE ("public"."Order"."id" = $1 AND 1=1) LIMIT $2 OFFSET $3
prisma:query COMMIT
prisma:query BEGIN
prisma:query DEALLOCATE ALL
prisma:query SELECT "public"."Order"."id", "public"."Order"."customerId", "public"."Order"."salesmanId" FROM "public"."Order" WHERE ("public"."Order"."id" = $1 AND 1=1) LIMIT $2 OFFSET $3
prisma:query COMMIT
prisma:query SELECT 1
prisma:query BEGIN
prisma:query DEALLOCATE ALL
prisma:query SELECT "public"."Order"."id", "public"."Order"."customerId", "public"."Order"."salesmanId" FROM "public"."Order" WHERE ("public"."Order"."id" = $1 AND 1=1) LIMIT $2 OFFSET $3
prisma:query COMMIT
